工作目录 /mnt/zihanw/FFY
workers  128    E22 样本 3000    E26 每工况设计数 24
日志     logs/ab_group_20260910_221437.log

=========== 0/9 · 前置检查 ===========
  [有] src/stage10_v2/agroup_io.py
  [有] src/stage10_v2/e22_dl_scaling.py
  [有] src/stage10_v2/e22_bio_ref.json
  [有] src/stage10_v2/e26_q1_sweep.py
  [有] src/stage10_v2/e27_vertical_structural.py
  [有] src/stage10_v2/e23_box_saturation.py
  [有] src/stage10_v2/e24_rebound_gate.py
  [有] src/stage10_v2/e25_posterior_collapse.py
  [有] outputs/v23_data_bio/factory.jsonl
  [有] outputs/v23_data_bio/factory_meta.json
  [有] outputs/v23_data_bio/dataset.npz
  [有] outputs/v23_e5_bio/cvae_r12.pt
  exudyn 1.11.0 | torch 2.5.1+cu121 | numpy 1.26.4
[累计 0 分钟]

=========== 1/9 · E23 盒壁饱和（秒级） ===========
[agroup_io] 常量比对：一致
[e23] 块 500，设计维 9
[e23] 可行（去重）40509 个设计；进训练的前沿点 13095 个
----------------------------------------------------------------------------------------
维                下贴壁%     上贴壁% |     前沿下%     前沿上% |     全体中位     前沿中位
----------------------------------------------------------------------------------------
L1 (u_L)          2.7      6.5 |      2.0      8.5 |    0.582    0.650
r2                5.1      5.0 |      5.0      5.2 |    0.496    0.498
r3                4.2      5.3 |      4.6      5.3 |    0.530    0.518
κ 踝               3.6      4.9 |      5.9      1.9 |    0.506    0.321
κ 膝               4.8      4.8 |      6.0      4.2 |    0.496    0.464
κ 髋               4.9      4.9 |      5.3      4.5 |    0.495    0.483
τ (ζ)             4.9      4.8 |      9.4      1.2 |    0.486    0.206
θ_A 踝角            5.1      4.0 |      8.5      4.0 |    0.474    0.344
θ_K 膝角            4.6      5.2 |      5.4      4.5 |    0.514    0.469
----------------------------------------------------------------------------------------
均匀分布基线：单侧 5.0%，双侧合计 10.0%。触发阈值 = 单侧 10%（基线的 2.0 倍）。
结论：没有一维显著贴壁 —— 盒子够用，v2.5 保持不动。
      待办 C4 那条「τ 和 κ踝 贴下界」在**全部可行设计**上不成立。
----------------------------------------------------------------------------------------
前沿点的方向性偏置（贴壁率未超阈值，但 Pareto 前沿系统性地往一侧靠）：
   · τ (ζ)      前沿偏向下界   前沿中位 u = 0.206（全体 0.486），四分位 [0.10, 0.39]，贴壁 9.4%/1.2%
   · κ 踝        前沿偏向下界   前沿中位 u = 0.321（全体 0.506），四分位 [0.16, 0.57]，贴壁 5.9%/1.9%
   · θ_A 踝角     前沿偏向下界   前沿中位 u = 0.344（全体 0.474），四分位 [0.16, 0.59]，贴壁 8.5%/4.0%
   · L1 (u_L)   前沿偏向上界   前沿中位 u = 0.650（全体 0.582），四分位 [0.42, 0.84]，贴壁 2.0%/8.5%

解读：**贴壁率没超阈值，但前沿整体压在一侧** —— 这两件事要分开说。
  · 全体可行设计在盒里基本均匀（贴壁率都在 5% 基线附近）→ 盒子没有把可行域切掉；
  · 但 Pareto 前沿系统性地往一侧靠 → 在可行域内部，最优解确实偏爱那一侧。
  · 待办 C4 用 5 个设计看到的就是后者，它没错，只是把它说成了「盒子不够大」。

建议：v2.5 **不**放宽盒子（放宽只会把前沿往外挪，不会让更多设计变可行），
      但把这个偏置方向写进论文 —— 它本身就是一条物理结论：
      落震最优偏爱**低阻尼、软踝、小踝角**，而这正好是水鸟腿的方向。
→ /mnt/zihanw/FFY/outputs/v23_data_bio/e23_box_saturation.json
→ /mnt/zihanw/FFY/outputs/v23_data_bio/e23_box_saturation.png
退出码 0
[累计 0 分钟]

=========== 2/9 · E24 回弹软闸重打分（秒级） ===========
findfont: Failed to find font weight bold, now using 400.
[agroup_io] 常量比对：一致
[e24] 块 500，每块 120 个设计
--------------------------------------------------------------------
样本总数             240000
现判据下可行         109040  (45.4%)
其中回能比 > 5%      32940  (占可行的 30.2%)  <<< 关键数字
进训练集的前沿点      13095，其中被打掉 3099 (23.7%)
--------------------------------------------------------------------
可行样本的回能比分位： P50=0.000  P75=0.068  P90=0.138  P95=0.185  P99=0.289
足端离地(n_bounce≥1) 占可行样本 71.0%（只记录，不判死）
--------------------------------------------------------------------
结论：打掉 30.2% > 20% —— **现有可行率虚高，训练目标本身是错的**。
      必须在 v2.5 重训前把软闸接进 feasible_v2，否则模型学的是会弹的设计。
→ /mnt/zihanw/FFY/outputs/v23_data_bio/e24_rebound_gate.json
→ /mnt/zihanw/FFY/outputs/v23_data_bio/e24_rebound_gate.png
退出码 0
[累计 0 分钟]

=========== 3/9 · E25 后验塌缩（纯推理，秒级） ===========
/mnt/zihanw/FFY/src/stage10_v2/e25_posterior_collapse.py:232: UserWarning: This figure includes Axes that are not compatible with tight_layout, so results might be incorrect.
  fig.tight_layout()
[e25] cvae_r12.pt  隐维 3  设计维 9  训练对 9057
--------------------------------------------------------------------------
① 编码器：每维 KL（nat）与 active-units
   z0   KL =  0.22006   Var(mu) =  0.35515   活
   z1   KL =  0.22381   Var(mu) =  0.36388   活
   z2   KL =  0.59917   Var(mu) =  0.80787   活
   总 KL = 1.0430 nat，死维 0/3，active units 3/3
--------------------------------------------------------------------------
②③ 解码器散布（u 空间，盒宽 = 1.0）
维        σ_z(同条件)   σ_c(跨条件) σ_data(数据) σ_z/σ_data
L1         0.0724     0.0760     0.2584       0.28
r2         0.0695     0.0343     0.2887       0.24
r3         0.0379     0.0246     0.2851       0.13
κ踝         0.0356     0.1294     0.2335       0.15
κ膝         0.0712     0.0570     0.2829       0.25
κ髋         0.0592     0.0449     0.2866       0.21
τ          0.0170     0.1522     0.1777       0.10
θ_A        0.0763     0.0768     0.2557       0.30
θ_K        0.0357     0.0343     0.2869       0.12
--------------------------------------------------------------------------
同条件散布 σ_z 中位 = 0.0592（盒宽 1.0 的 5.92%）
σ_z / σ_data 中位 = 0.21  —— 模型保留了数据自身多样性的 21%
--------------------------------------------------------------------------
④ 复现待办 E1 的口径：同条件采 216 次，物理 x 空间的 CV（%）
   L1=7.01  r2=1.45  r3=1.48  κ踝=8.59  κ膝=10.35  κ髋=6.32  τ=4.65  θ_A=2.47  θ_K=0.87
   9 维中位 CV = 4.65%   （待办 E1 报的是 0.21%）
   → **E1 的塌缩结论在 v2.3 r12 上不复现**，差了 22 倍。
      E1 测的是 v2 的 7 维模型；此后换过先验、加过姿态两维、重训过多轮。
      这条待办可以关掉，但要把这个数写进报告，别让旧结论留在文档里。
--------------------------------------------------------------------------
判定：**未塌缩**。3/3 维隐变量活跃（总 KL 1.04 nat），
      同条件下换 z，输出确实在动：σ_z = 盒宽的 5.9%，物理 CV 中位 4.6%。

      但**多样性只有数据自身的 21%**（σ_z/σ_data 中位 0.21）——
      模型在往条件的条件均值收，这是 cVAE 的常态，不是缺陷。

      所以口径仍然建议保守，理由不再是「塌缩」，而是「覆盖不足」：
      ✓ 给定工况，模型给出满足验收条件的仿生设计；采样能给出若干变体，
        但**不宣称覆盖了全部可行解，也不宣称其中有最优解**。
        —— 与赵老师原话一致：it is one solution, not necessarily the best one。
→ /mnt/zihanw/FFY/outputs/v23_e5_bio/e25_posterior_collapse.json
→ /mnt/zihanw/FFY/outputs/v23_e5_bio/e25_posterior_collapse.png
退出码 0
[累计 0 分钟]

=========== 4/9 · E22 抽样重评取 D（约 3000 次落震，可中断续跑） ===========
[agroup_io] 常量比对：一致
[e22] 分层抽到 3000 个可行设计
[e22] 缓存里已有 2999 条，续跑
[e22] 需要重评 1 个设计（多进程 128）
      1/1  失败 1  (1s, ~0.579 s/个, 预计剩 0s)

******************************
DYNAMIC SOLVER FAILED:
  use showHints=True to show helpful information
******************************

[e22] 分析 2999 条重评结果
==========================================================================
① 夹逼诊断（D 被 D_MIN=4mm / D_MAX_RATIO=0.25 顶住的比例）
   tarso (L1)   触下界   0.0%   触上界   0.1%   合计   0.1%
   tibio (L2)   触下界   0.0%   触上界   0.0%   合计   0.0%
   femur (L3)   触下界   0.0%   触上界   0.0%   合计   0.0%
   全部段合计 0.0%
   → 在 20% 以内，指数可用。
   受哪条判据支配：OVER-SLENDERNESS=0%  bending+axial=99%  buckling=1%
==========================================================================
② 模型长出来的标度指数（只用未被夹住的样本）
   log D ~ α·log L      （逐段）
      tarso (L1)   α = +0.699 ± 0.027   R² = 0.471   n = 2996
      tibio (L2)   α = +0.628 ± 0.024   R² = 0.460   n = 2999
      femur (L3)   α = +0.657 ± 0.023   R² = 0.514   n = 2998
      合并三段         α = +0.437 ± 0.013   R² = 0.318   n = 8993
   log D ~ α·log m      （逐段，对体重）
      tarso (L1)   α = +0.383 ± 0.014   R² = 0.496   n = 2996
      tibio (L2)   α = +0.376 ± 0.013   R² = 0.532   n = 2999
      femur (L3)   α = +0.366 ± 0.012   R² = 0.540   n = 2998
      合并三段         α = +0.375 ± 0.008   R² = 0.507   n = 8993
   log (D/L) ~ α·log L  （细长比）
      tarso (L1)   α = -0.301 ± 0.027   R² = 0.142   n = 2996
      tibio (L2)   α = -0.372 ± 0.024   R² = 0.231   n = 2999
      femur (L3)   α = -0.343 ± 0.023   R² = 0.224   n = 2998
      合并三段         α = -0.563 ± 0.013   R² = 0.438   n = 8993
==========================================================================
②c 跨质量口径（分箱取中位后回归，与生物图同问）
   tarso (L1)   d/L ~ L^α  α = +0.058 ± 0.081 (R² 0.164, 12 个质量箱)   | L ~ m^0.361
   tibio (L2)   d/L ~ L^α  α = +0.018 ± 0.081 (R² 0.019, 12 个质量箱)   | L ~ m^0.362
   femur (L3)   d/L ~ L^α  α = -0.001 ± 0.040 (R² 0.000, 12 个质量箱)   | L ~ m^0.362
   注意：上面②里对全部样本直接回归 L 的那组，混进了同质量下换腿长的设计自由度，
        与生物图不是同一个问题；**比生物用这一组**。
==========================================================================
②b 理论锚点（同为 d/L ∝ L^α 口径）
   α = +0.000   等比 isometry                    合并三段距此 83.6σ
   α = -0.250   定弯曲刚度 EI/L³ = 常数               合并三段距此 46.5σ
   α = -0.500   定载荷 Euler 屈曲 F ∝ EI/L²         合并三段距此 9.4σ
   α = -0.667   定载荷抗弯强度 σ = Mc/I               合并三段距此 15.3σ
   （−1/2 就是会上 47:09 Hsia 说的那个 negative half：定载荷下的 Euler 屈曲）
==========================================================================
③ 与生物实测比较（口径 DL_vs_L → 用跨质量分箱，来源：Shizhuo Weng, 会议第 35 页 (2026-09-09, 45:45)；Heavy-bodied fliers (ducks/pheasants/cranes), n=63）
   tarso (L1)   生物 -0.380   模型 +0.058 ± 0.081   相差 10.6σ  不一致
   femur (L3)   生物 +0.120   模型 -0.001 ± 0.040   相差 6.0σ  不一致
   [备选] 同图 · Diving water-feeders (cormorants/herons/boobies tarso 生物 -0.57 vs 模型 +0.058 (15.2σ)   femur 生物 -0.39 vs 模型 -0.001 (19.3σ)
   [备选] 同图 · Wading shorebirds (sandpipers/plovers), n=24    tarso 生物 -0.12 vs 模型 +0.058 (4.3σ)   femur 生物 +0.12 vs 模型 -0.001 (6.0σ)
   [备选] 同图 · Open-ocean soaring (gulls/albatross/auks), n=25 tarso 生物 +0.02 vs 模型 +0.058 (0.9σ)   femur 生物 +0.20 vs 模型 -0.001 (10.0σ)
   [备选] 同图 · Forest fliers (songbirds/pigeons/parrots), n=13 tarso 生物 -0.24 vs 模型 +0.058 (7.2σ)   femur 生物 +0.14 vs 模型 -0.001 (7.0σ)
   [备选] 同图 · Raptors (hawks/falcons/owls), n=40              tarso 生物 -0.30 vs 模型 +0.058 (8.7σ)   femur 生物 +0.22 vs 模型 -0.001 (11.0σ)
   解读提示：一致 → 纯力学反推自发长成了生物的形状，这是非循环的证据；
             不一致 → 也是结果，说明生物在别的目标下选形（抗扭/骨髓/生长），
             正好接 Bigoni 33:04 那条「鸟骨是桁架不是实心管」。
==========================================================================
→ /mnt/zihanw/FFY/outputs/v23_data_bio/e22_dl_scaling.json
退出码 0
[累计 0 分钟]

=========== 5/9 · E22 标度分析（秒级，不需要 exudyn） ===========
/mnt/zihanw/FFY/src/stage10_v2/e22_dl_scaling.py:363: UserWarning: This figure includes Axes that are not compatible with tight_layout, so results might be incorrect.
  fig.tight_layout()
[e22] 分析 2999 条重评结果
==========================================================================
① 夹逼诊断（D 被 D_MIN=4mm / D_MAX_RATIO=0.25 顶住的比例）
   tarso (L1)   触下界   0.0%   触上界   0.1%   合计   0.1%
   tibio (L2)   触下界   0.0%   触上界   0.0%   合计   0.0%
   femur (L3)   触下界   0.0%   触上界   0.0%   合计   0.0%
   全部段合计 0.0%
   → 在 20% 以内，指数可用。
   受哪条判据支配：OVER-SLENDERNESS=0%  bending+axial=99%  buckling=1%
==========================================================================
② 模型长出来的标度指数（只用未被夹住的样本）
   log D ~ α·log L      （逐段）
      tarso (L1)   α = +0.699 ± 0.027   R² = 0.471   n = 2996
      tibio (L2)   α = +0.628 ± 0.024   R² = 0.460   n = 2999
      femur (L3)   α = +0.657 ± 0.023   R² = 0.514   n = 2998
      合并三段         α = +0.437 ± 0.013   R² = 0.318   n = 8993
   log D ~ α·log m      （逐段，对体重）
      tarso (L1)   α = +0.383 ± 0.014   R² = 0.496   n = 2996
      tibio (L2)   α = +0.376 ± 0.013   R² = 0.532   n = 2999
      femur (L3)   α = +0.366 ± 0.012   R² = 0.540   n = 2998
      合并三段         α = +0.375 ± 0.008   R² = 0.507   n = 8993
   log (D/L) ~ α·log L  （细长比）
      tarso (L1)   α = -0.301 ± 0.027   R² = 0.142   n = 2996
      tibio (L2)   α = -0.372 ± 0.024   R² = 0.231   n = 2999
      femur (L3)   α = -0.343 ± 0.023   R² = 0.224   n = 2998
      合并三段         α = -0.563 ± 0.013   R² = 0.438   n = 8993
==========================================================================
②c 跨质量口径（分箱取中位后回归，与生物图同问）
   tarso (L1)   d/L ~ L^α  α = +0.058 ± 0.081 (R² 0.164, 12 个质量箱)   | L ~ m^0.361
   tibio (L2)   d/L ~ L^α  α = +0.018 ± 0.081 (R² 0.019, 12 个质量箱)   | L ~ m^0.362
   femur (L3)   d/L ~ L^α  α = -0.001 ± 0.040 (R² 0.000, 12 个质量箱)   | L ~ m^0.362
   注意：上面②里对全部样本直接回归 L 的那组，混进了同质量下换腿长的设计自由度，
        与生物图不是同一个问题；**比生物用这一组**。
==========================================================================
②b 理论锚点（同为 d/L ∝ L^α 口径）
   α = +0.000   等比 isometry                    合并三段距此 83.6σ
   α = -0.250   定弯曲刚度 EI/L³ = 常数               合并三段距此 46.5σ
   α = -0.500   定载荷 Euler 屈曲 F ∝ EI/L²         合并三段距此 9.4σ
   α = -0.667   定载荷抗弯强度 σ = Mc/I               合并三段距此 15.3σ
   （−1/2 就是会上 47:09 Hsia 说的那个 negative half：定载荷下的 Euler 屈曲）
==========================================================================
③ 与生物实测比较（口径 DL_vs_L → 用跨质量分箱，来源：Shizhuo Weng, 会议第 35 页 (2026-09-09, 45:45)；Heavy-bodied fliers (ducks/pheasants/cranes), n=63）
   tarso (L1)   生物 -0.380   模型 +0.058 ± 0.081   相差 10.6σ  不一致
   femur (L3)   生物 +0.120   模型 -0.001 ± 0.040   相差 6.0σ  不一致
   [备选] 同图 · Diving water-feeders (cormorants/herons/boobies tarso 生物 -0.57 vs 模型 +0.058 (15.2σ)   femur 生物 -0.39 vs 模型 -0.001 (19.3σ)
   [备选] 同图 · Wading shorebirds (sandpipers/plovers), n=24    tarso 生物 -0.12 vs 模型 +0.058 (4.3σ)   femur 生物 +0.12 vs 模型 -0.001 (6.0σ)
   [备选] 同图 · Open-ocean soaring (gulls/albatross/auks), n=25 tarso 生物 +0.02 vs 模型 +0.058 (0.9σ)   femur 生物 +0.20 vs 模型 -0.001 (10.0σ)
   [备选] 同图 · Forest fliers (songbirds/pigeons/parrots), n=13 tarso 生物 -0.24 vs 模型 +0.058 (7.2σ)   femur 生物 +0.14 vs 模型 -0.001 (7.0σ)
   [备选] 同图 · Raptors (hawks/falcons/owls), n=40              tarso 生物 -0.30 vs 模型 +0.058 (8.7σ)   femur 生物 +0.22 vs 模型 -0.001 (11.0σ)
   解读提示：一致 → 纯力学反推自发长成了生物的形状，这是非循环的证据；
             不一致 → 也是结果，说明生物在别的目标下选形（抗扭/骨髓/生长），
             正好接 Bigoni 33:04 那条「鸟骨是桁架不是实心管」。
==========================================================================
→ /mnt/zihanw/FFY/outputs/v23_data_bio/e22_dl_scaling.json
→ /mnt/zihanw/FFY/outputs/v23_data_bio/e22_dl_scaling.png
退出码 0
[累计 0 分钟]

=========== 6/9 · E26 纯几何预检（零仿真） ===========
[e26] 6 个工况 × 24 设计 = 144 条腿
============================================================================
纯几何预检（零仿真）
----------------------------------------------------------------------------
设计本身：θ_A 中位 127.3°   θ_K 中位 136.4°
          对照 E28 真鸟落水实测：θ_A 140°±14°   θ_K 135°±12°
          → 生成器偏爱**更屈的踝**（与 E23 前沿偏置一致）
----------------------------------------------------------------------------
① 让髋落在足正上方所需的 q1_0*（Bigoni 那一档）
   轻·硬地       中位 62.1°   跨度 60.5–63.1°
   轻·草地       中位 64.5°   跨度 61.7–66.8°
   样机·硬地      中位 63.0°   跨度 61.0–65.9°
   样机·草地      中位 63.3°   跨度 61.7–66.3°
   重·硬地       中位 62.4°   跨度 61.1–82.8°
   重·湿沙       中位 77.9°   跨度 76.8–86.8°
   全部        中位 63.1°   跨度 60.5–86.8°   n=144
   → 比模型常数 50° 陡 13°，比真鸟实测 42.6° 陡 21°。
     **垂线对齐要求的姿态落在真鸟实测跨度（27.6–54.8°）之外** —— 又一条独立证据。
----------------------------------------------------------------------------
② 各档 q1_0 对应的髋-足前倾角（中位）
   q1_0 =  28.0°  →  前倾  35.1°
   q1_0 =  42.6°  →  前倾  20.5°   ← 真鸟实测的跗跖骨倾角
   q1_0 =  50.0°  →  前倾  13.1°   ← 模型常数；真鸟实测前倾 30.5°±6.4°
   q1_0 =  55.0°  →  前倾   8.1°
   q1_0 =  62.0°  →  前倾   1.2°
   q1_0 =  70.0°  →  前倾   7.1°
   注意：生成设计在 50° 处只前倾 13.1°，**比真鸟（30.5°）更接近竖直**。
         原因是它的踝更屈（127° vs 140°），同样的 q1_0 下整条腿更直。
============================================================================
→ /mnt/zihanw/FFY/outputs/v23_e26/e26_geom.json
退出码 0
[累计 0 分钟]

=========== 7/9 · E26 q1_0 扫描（约 1584 次落震，可中断续跑） ===========
[e26] 6 个工况 × 24 设计 = 144 条腿
============================================================================
纯几何预检（零仿真）
----------------------------------------------------------------------------
设计本身：θ_A 中位 127.3°   θ_K 中位 136.4°
          对照 E28 真鸟落水实测：θ_A 140°±14°   θ_K 135°±12°
          → 生成器偏爱**更屈的踝**（与 E23 前沿偏置一致）
----------------------------------------------------------------------------
① 让髋落在足正上方所需的 q1_0*（Bigoni 那一档）
   轻·硬地       中位 62.1°   跨度 60.5–63.1°
   轻·草地       中位 64.5°   跨度 61.7–66.8°
   样机·硬地      中位 63.0°   跨度 61.0–65.9°
   样机·草地      中位 63.3°   跨度 61.7–66.3°
   重·硬地       中位 62.4°   跨度 61.1–82.8°
   重·湿沙       中位 77.9°   跨度 76.8–86.8°
   全部        中位 63.1°   跨度 60.5–86.8°   n=144
   → 比模型常数 50° 陡 13°，比真鸟实测 42.6° 陡 21°。
     **垂线对齐要求的姿态落在真鸟实测跨度（27.6–54.8°）之外** —— 又一条独立证据。
----------------------------------------------------------------------------
② 各档 q1_0 对应的髋-足前倾角（中位）
   q1_0 =  28.0°  →  前倾  35.1°
   q1_0 =  42.6°  →  前倾  20.5°   ← 真鸟实测的跗跖骨倾角
   q1_0 =  50.0°  →  前倾  13.1°   ← 模型常数；真鸟实测前倾 30.5°±6.4°
   q1_0 =  55.0°  →  前倾   8.1°
   q1_0 =  62.0°  →  前倾   1.2°
   q1_0 =  70.0°  →  前倾   7.1°
   注意：生成设计在 50° 处只前倾 13.1°，**比真鸟（30.5°）更接近竖直**。
         原因是它的踝更屈（127° vs 140°），同样的 q1_0 下整条腿更直。
============================================================================
[e26] 缓存里已有 1584 条，续跑
[e26] 缓存已完整
[e26] 有效点 1584 / 1584
============================================================================
① 生物学跨度 27.6–54.8° 内，峰值过载变化多少（每个设计各算一次）
   相对变化（max−min）/mean：中位 69.7%   P90 84.9%   最大 212.0%   n=144
      轻·硬地       中位 61.2%  (n=24)
      轻·草地       中位 73.6%  (n=24)
      样机·硬地      中位 69.6%  (n=24)
      样机·草地      中位 67.0%  (n=24)
      重·硬地       中位 69.3%  (n=24)
      重·湿沙       中位 75.0%  (n=24)
----------------------------------------------------------------------------
判定：中位 69.7% > 25% —— **触地姿态是一阶因素，升为第 10 维设计变量**，
      在 v2.5 工厂里一并做，盒取实测跨度 [28, 55]°。
----------------------------------------------------------------------------
   逐档中位（每个设计先对自己 50° 的值归一化）：
       28.0°   0.42×  ##############
       33.0°   0.72×  #########################
       38.0°   0.93×  ################################
       43.0°   0.97×  #################################  ← 真鸟均值附近
       48.0°   0.99×  ##################################
       50.0°   1.00×  ##################################  ← 模型常数
       55.0°   1.01×  ##################################
       62.0°   1.01×  ##################################
       70.0°   0.99×  ##################################
       80.0°   0.93×  ###############################
   → 全跨度 0.42× → 1.01×（总变化 140%）；达到 90% 变化量在 43°。
     敏感区集中在 28–43°，其上仍在缓慢变化（末三档起伏 8.3%）。
============================================================================
② 方向：q1_0 变大（腿更竖直）到底是变好还是变坏
   d(peak_g)/d(q1_0) 中位 = +0.1674 g/度，100% 的设计为正
   → 与预期一致：腿更竖直 → 可用行程变小 → 峰值变高。
     「垂线对齐」是拿性能换（E28 已证明并不存在的）生物一致性。
============================================================================
③ 「髋在足正上方」那一档（每个设计闭式解出的 q1_0*）
   q1_0* 中位 63.1°（跨度 60.5–86.8°）—— 真鸟实测是 42.6°±9°，差 21°
   相对 50° 基准：峰值过载 +0.6%   腿质量 +4.9%
   （腿质量那一项是 E27 的入口，详见 e27_vertical_structural.py）
============================================================================
→ /mnt/zihanw/FFY/outputs/v23_e26/e26_q1_sweep.json
退出码 0
[累计 0 分钟]

=========== 8/9 · E26 敏感度分析（秒级） ===========
/mnt/zihanw/FFY/src/stage10_v2/e26_q1_sweep.py:417: UserWarning: This figure includes Axes that are not compatible with tight_layout, so results might be incorrect.
  fig.tight_layout()
findfont: Failed to find font weight bold, now using 400.
findfont: Failed to find font weight bold, now using 400.
[e26] 有效点 1584 / 1584
============================================================================
① 生物学跨度 27.6–54.8° 内，峰值过载变化多少（每个设计各算一次）
   相对变化（max−min）/mean：中位 69.7%   P90 84.9%   最大 212.0%   n=144
      轻·硬地       中位 61.2%  (n=24)
      轻·草地       中位 73.6%  (n=24)
      样机·硬地      中位 69.6%  (n=24)
      样机·草地      中位 67.0%  (n=24)
      重·硬地       中位 69.3%  (n=24)
      重·湿沙       中位 75.0%  (n=24)
----------------------------------------------------------------------------
判定：中位 69.7% > 25% —— **触地姿态是一阶因素，升为第 10 维设计变量**，
      在 v2.5 工厂里一并做，盒取实测跨度 [28, 55]°。
----------------------------------------------------------------------------
   逐档中位（每个设计先对自己 50° 的值归一化）：
       28.0°   0.42×  ##############
       33.0°   0.72×  #########################
       38.0°   0.93×  ################################
       43.0°   0.97×  #################################  ← 真鸟均值附近
       48.0°   0.99×  ##################################
       50.0°   1.00×  ##################################  ← 模型常数
       55.0°   1.01×  ##################################
       62.0°   1.01×  ##################################
       70.0°   0.99×  ##################################
       80.0°   0.93×  ###############################
   → 全跨度 0.42× → 1.01×（总变化 140%）；达到 90% 变化量在 43°。
     敏感区集中在 28–43°，其上仍在缓慢变化（末三档起伏 8.3%）。
============================================================================
② 方向：q1_0 变大（腿更竖直）到底是变好还是变坏
   d(peak_g)/d(q1_0) 中位 = +0.1674 g/度，100% 的设计为正
   → 与预期一致：腿更竖直 → 可用行程变小 → 峰值变高。
     「垂线对齐」是拿性能换（E28 已证明并不存在的）生物一致性。
============================================================================
③ 「髋在足正上方」那一档（每个设计闭式解出的 q1_0*）
   q1_0* 中位 63.1°（跨度 60.5–86.8°）—— 真鸟实测是 42.6°±9°，差 21°
   相对 50° 基准：峰值过载 +0.6%   腿质量 +4.9%
   （腿质量那一项是 E27 的入口，详见 e27_vertical_structural.py）
============================================================================
→ /mnt/zihanw/FFY/outputs/v23_e26/e26_q1_sweep.json
→ /mnt/zihanw/FFY/outputs/v23_e26/e26_q1_sweep.png
退出码 0
[累计 0 分钟]

=========== 9/9 · E27 竖直化的结构收益（零新增仿真，复用 E26 缓存） ===========
/mnt/zihanw/FFY/src/stage10_v2/e27_vertical_structural.py:215: UserWarning: This figure includes Axes that are not compatible with tight_layout, so results might be incorrect.
  fig.tight_layout()
findfont: Failed to find font weight bold, now using 400.
[e27] 有效点 1584 / 1584
==============================================================================
① 弯曲应力占比随 q1_0 的变化（腿越竖直，理论上弯曲占比越低）
       q1_0 | tarso (L1)      tibio (L2)      femur (L3)    
      28.0° |          95.6%           95.8%           96.6%
      33.0° |          94.2%           94.4%           92.8%
      38.0° |          91.1%           91.1%           90.2%
      43.0° |          88.4%           88.4%           89.8%
      48.0° |          87.2%           87.4%           88.6%
      50.0° |          86.8%           87.4%           88.4%
      55.0° |          85.9%           87.8%           88.7%
      62.0° |          84.1%           88.9%           88.9%
      70.0° |          80.2%           89.5%           89.5%
      80.0° |          74.2%           90.8%           90.4%
   （弯曲占比 = σ_bend / (σ_bend + σ_axial)，与 size_segment 的组合应力同式）
==============================================================================
② 从 q1_0 = 50° 走到「髋在足正上方」的 q1_0*，各项变化
   配对设计 144 个，q1_0* 中位 63.1°（前倾 13.1° → 0.0°）
------------------------------------------------------------------------------
   腿质量         +4.9%   (四分位 +2.9% ~ +7.7%)   ↓好
   最大管径        +6.1%   (四分位 +4.9% ~ +7.4%)   ↓好
   峰值过载        +0.6%   (四分位 -0.2% ~ +0.9%)   ↓好
   可用行程        -0.4%   (四分位 -0.7% ~ +0.1%)   ↑好
   弯曲占比  87.5% → 87.0%
   通过验收  80% → 76%
==============================================================================
判定：竖直化**没有**带来显著减重（+4.9%，阈值 15%）。

     这条彻底关掉，以后不用再提。原因也说得清：
     `size_segment` 里的 D 主要由**关节峰值力矩**定，而关节力矩来自弹簧刚度×转角，
     不是来自髋-足偏移的静力臂。所以把腿摆竖直并不会显著卸掉弯矩。
     而且峰值过载还涨了 +0.6% —— 竖直化在这个模型里是纯亏。
==============================================================================
⚠ 边界：现在机体被 CreatePrismaticJoint(axis=[0,0,1]) 锁成只能竖直平动，
        髋-足水平偏移的力矩由约束反力承担。v2.5 加了水平速度 v_x 之后受力图会变，
        这条结论要重新测一次。
→ /mnt/zihanw/FFY/outputs/v23_e26/e27_vertical_structural.json
→ /mnt/zihanw/FFY/outputs/v23_e26/e27_vertical_structural.png
退出码 0
[累计 0 分钟]

=========== 附 · run_v23_main.sh 的真实时长 ===========
=========== 0/5 · P8 足端解绑正式验证(64 探针 × 5 质量) ===========
[累计 4 分钟]
=========== 1/5 · 数据工厂 v2.3(足端解绑,12 万次落震) ===========
[累计 66 分钟]
=========== 2/5 · 训练集 ===========
[累计 66 分钟]
=========== 3/5 · 自提升闭环 ×40 (seed 0 → outputs/v23_e5_bio) ===========
[累计 389 分钟]
=========== 3/5 · 自提升闭环 ×40 (seed 1 → outputs/v23_e5_bio_s1) ===========
[累计 709 分钟]
=========== 4/5 · 两种子比对(出汇报口径) ===========
[累计 709 分钟]
=========== 5a/5 · E18b 四臂走廊(v2.3 足端解绑) ===========
[累计 806 分钟]
=========== 5b/5 · E20 生成走廊(v2.3) ===========
[累计 821 分钟]
=========== 5c/5 · E21 真鸟 vs 生成(v2.3) ===========
[累计 822 分钟]
=========== 全部结束 ===========
[累计 0 分钟]
